
Thanks for using JUnit! Support its development at https://junit.org/sponsoring

  [OK] Protocolo: TLSv1.3
  [OK] Cipher Suite: TLS_AES_256_GCM_SHA384
  [OK] Usuario 'testqa_1773181598925' registrado correctamente.
  [OK] Registro duplicado rechazado correctamente.
  [OK] Login exitoso con credenciales correctas.
  [OK] Login incorrecto rechazado correctamente.
  [OK] Bloqueo activado tras 5 intentos fallidos.
  [OK] Respuesta: ERROR|LOGIN|Cuenta bloqueada temporalmente por m·ltiples intentos fallidos. Espere 30 segundos.
  [OK] Mensaje sin autenticaci¾n rechazado.
  [OK] Logout sin sesi¾n rechazado correctamente.
  [OK] Comando invßlido rechazado correctamente.
[BD] Usuarios existentes encontrados, omitiendo carga inicial.
[BD] Base de datos inicializada correctamente.
[SEGURIDAD] Clave HMAC cargada desde fichero.
[SEGURIDAD] Verificaci¾n de integridad completada: 3635 registros verificados. Todo correcto.
  [OK] Integridad HMAC de la base de datos verificada.

[LOG] Resultados guardados en: logs/TestFuncionalSSL_2026-03-10_23-26-38.log
[36m?[0m
[36m??[0m [36mJUnit Jupiter[0m [32m?[0m
[36m?  ??[0m [36mVPN SSL BYOD - Tests Funcionales[0m [32m?[0m
[36m?     ??[0m [34m01 - Conexi¾n TLS 1.3 exitosa con cipher suite robusto[0m [32m?[0m
[36m?     ??[0m [34m02 - Registro de nuevo usuario exitoso[0m [32m?[0m
[36m?     ??[0m [34m03 - Registro de usuario duplicado rechazado[0m [32m?[0m
[36m?     ??[0m [34m04 - Login exitoso con credenciales correctas[0m [32m?[0m
[36m?     ??[0m [34m05 - Login con contrase±a incorrecta rechazado[0m [32m?[0m
[36m?     ??[0m [34m06 - Protecci¾n brute-force: bloqueo tras 5 intentos fallidos[0m [32m?[0m
[36m?     ??[0m [31m07 - EnvÝo de mensaje exitoso (?144 caracteres)[0m [31m?[0m [31mLogin debe ser exitoso ==> expected: <true> but was: <false>[0m
[36m?     ??[0m [31m08 - Mensaje >144 caracteres rechazado[0m [31m?[0m [31mEl mensaje largo debe ser rechazado. Respuesta: ERROR|SESION|Debe iniciar sesi¾n primero. ==> expected: <true> but was: <false>[0m
[36m?     ??[0m [34m09 - Mensaje sin autenticaci¾n rechazado[0m [32m?[0m
[36m?     ??[0m [31m10 - Historial contiene mensajes enviados[0m [31m?[0m [31mEl historial debe comenzar con OK|HISTORIAL. Respuesta: ERROR|SESION|Debe iniciar sesi¾n primero. ==> expected: <true> but was: <false>[0m
[36m?     ??[0m [31m11 - Logout exitoso[0m [31m?[0m [31mEl logout debe ser exitoso. Respuesta: ERROR|LOGOUT|No hay sesi¾n activa. ==> expected: <true> but was: <false>[0m
[36m?     ??[0m [34m12 - Logout sin sesi¾n activa rechazado[0m [32m?[0m
[36m?     ??[0m [34m13 - Comando no reconocido devuelve error[0m [32m?[0m
[36m?     ??[0m [34m14 - Integridad de base de datos (HMAC verificado)[0m [32m?[0m
[36m?     ??[0m [31m15 - Usuarios pre-registrados accesibles[0m [31m?[0m [31mEl usuario pre-registrado 'admin' debe poder hacer login. Respuesta: ERROR|LOGIN|Cuenta bloqueada temporalmente por m·ltiples intentos fallidos. Espere 30 segundos. ==> expected: <true> but was: <false>[0m
[36m??[0m [36mJUnit Vintage[0m [32m?[0m
[36m??[0m [36mJUnit Platform Suite[0m [32m?[0m

Failures (5):
  JUnit Jupiter:VPN SSL BYOD - Tests Funcionales:07 - EnvÝo de mensaje exitoso (?144 caracteres)
    MethodSource [className = 'TestFuncionalSSL', methodName = 'testMensajeExitoso', methodParameterTypes = '']
    => org.opentest4j.AssertionFailedError: Login debe ser exitoso ==> expected: <true> but was: <false>
       org.junit.jupiter.api.AssertionFailureBuilder.build(AssertionFailureBuilder.java:151)
       org.junit.jupiter.api.AssertionFailureBuilder.buildAndThrow(AssertionFailureBuilder.java:132)
       org.junit.jupiter.api.AssertTrue.failNotTrue(AssertTrue.java:63)
       org.junit.jupiter.api.AssertTrue.assertTrue(AssertTrue.java:36)
       org.junit.jupiter.api.Assertions.assertTrue(Assertions.java:214)
       TestFuncionalSSL.testMensajeExitoso(TestFuncionalSSL.java:289)
       java.base/java.lang.reflect.Method.invoke(Method.java:580)
       java.base/java.util.ArrayList.forEach(ArrayList.java:1596)
       java.base/java.util.ArrayList.forEach(ArrayList.java:1596)
  JUnit Jupiter:VPN SSL BYOD - Tests Funcionales:08 - Mensaje >144 caracteres rechazado
    MethodSource [className = 'TestFuncionalSSL', methodName = 'testMensajeLargo', methodParameterTypes = '']
    => org.opentest4j.AssertionFailedError: El mensaje largo debe ser rechazado. Respuesta: ERROR|SESION|Debe iniciar sesi¾n primero. ==> expected: <true> but was: <false>
       org.junit.jupiter.api.AssertionFailureBuilder.build(AssertionFailureBuilder.java:151)
       org.junit.jupiter.api.AssertionFailureBuilder.buildAndThrow(AssertionFailureBuilder.java:132)
       org.junit.jupiter.api.AssertTrue.failNotTrue(AssertTrue.java:63)
       org.junit.jupiter.api.AssertTrue.assertTrue(AssertTrue.java:36)
       org.junit.jupiter.api.Assertions.assertTrue(Assertions.java:214)
       TestFuncionalSSL.testMensajeLargo(TestFuncionalSSL.java:318)
       java.base/java.lang.reflect.Method.invoke(Method.java:580)
       java.base/java.util.ArrayList.forEach(ArrayList.java:1596)
       java.base/java.util.ArrayList.forEach(ArrayList.java:1596)
  JUnit Jupiter:VPN SSL BYOD - Tests Funcionales:10 - Historial contiene mensajes enviados
    MethodSource [className = 'TestFuncionalSSL', methodName = 'testHistorial', methodParameterTypes = '']
    => org.opentest4j.AssertionFailedError: El historial debe comenzar con OK|HISTORIAL. Respuesta: ERROR|SESION|Debe iniciar sesi¾n primero. ==> expected: <true> but was: <false>
       org.junit.jupiter.api.AssertionFailureBuilder.build(AssertionFailureBuilder.java:151)
       org.junit.jupiter.api.AssertionFailureBuilder.buildAndThrow(AssertionFailureBuilder.java:132)
       org.junit.jupiter.api.AssertTrue.failNotTrue(AssertTrue.java:63)
       org.junit.jupiter.api.AssertTrue.assertTrue(AssertTrue.java:36)
       org.junit.jupiter.api.Assertions.assertTrue(Assertions.java:214)
       TestFuncionalSSL.testHistorial(TestFuncionalSSL.java:363)
       java.base/java.lang.reflect.Method.invoke(Method.java:580)
       java.base/java.util.ArrayList.forEach(ArrayList.java:1596)
       java.base/java.util.ArrayList.forEach(ArrayList.java:1596)
  JUnit Jupiter:VPN SSL BYOD - Tests Funcionales:11 - Logout exitoso
    MethodSource [className = 'TestFuncionalSSL', methodName = 'testLogout', methodParameterTypes = '']
    => org.opentest4j.AssertionFailedError: El logout debe ser exitoso. Respuesta: ERROR|LOGOUT|No hay sesi¾n activa. ==> expected: <true> but was: <false>
       org.junit.jupiter.api.AssertionFailureBuilder.build(AssertionFailureBuilder.java:151)
       org.junit.jupiter.api.AssertionFailureBuilder.buildAndThrow(AssertionFailureBuilder.java:132)
       org.junit.jupiter.api.AssertTrue.failNotTrue(AssertTrue.java:63)
       org.junit.jupiter.api.AssertTrue.assertTrue(AssertTrue.java:36)
       org.junit.jupiter.api.Assertions.assertTrue(Assertions.java:214)
       TestFuncionalSSL.testLogout(TestFuncionalSSL.java:392)
       java.base/java.lang.reflect.Method.invoke(Method.java:580)
       java.base/java.util.ArrayList.forEach(ArrayList.java:1596)
       java.base/java.util.ArrayList.forEach(ArrayList.java:1596)
  JUnit Jupiter:VPN SSL BYOD - Tests Funcionales:15 - Usuarios pre-registrados accesibles
    MethodSource [className = 'TestFuncionalSSL', methodName = 'testUsuariosPreregistrados', methodParameterTypes = '']
    => org.opentest4j.AssertionFailedError: El usuario pre-registrado 'admin' debe poder hacer login. Respuesta: ERROR|LOGIN|Cuenta bloqueada temporalmente por m·ltiples intentos fallidos. Espere 30 segundos. ==> expected: <true> but was: <false>
       org.junit.jupiter.api.AssertionFailureBuilder.build(AssertionFailureBuilder.java:151)
       org.junit.jupiter.api.AssertionFailureBuilder.buildAndThrow(AssertionFailureBuilder.java:132)
       org.junit.jupiter.api.AssertTrue.failNotTrue(AssertTrue.java:63)
       org.junit.jupiter.api.AssertTrue.assertTrue(AssertTrue.java:36)
       org.junit.jupiter.api.Assertions.assertTrue(Assertions.java:214)
       TestFuncionalSSL.testUsuariosPreregistrados(TestFuncionalSSL.java:462)
       java.base/java.lang.reflect.Method.invoke(Method.java:580)
       java.base/java.util.ArrayList.forEach(ArrayList.java:1596)
       java.base/java.util.ArrayList.forEach(ArrayList.java:1596)

Test run finished after 9456 ms
[         4 containers found      ]
[         0 containers skipped    ]
[         4 containers started    ]
[         0 containers aborted    ]
[         4 containers successful ]
[         0 containers failed     ]
[        15 tests found           ]
[         0 tests skipped         ]
[        15 tests started         ]
[         0 tests aborted         ]
[        10 tests successful      ]
[         5 tests failed          ]

java : 
En línea: 1 Carácter: 1
+ java "-Djavax.net.ssl.tru
stStore=cliente_truststore.
jks" "-Djavax.net ...
+ ~~~~~~~~~~~~~~~~~~~~~~~~~
~~~~~~~~~~~~~~~~~~~~~~~~~~~
~~~~~~~~~~~~~~~~~
    + CategoryInfo         
     : NotSpecified: (:St  
  ring) [], RemoteExcept   
 ion
    + FullyQualifiedErrorI 
   d : NativeCommandError
 
WARNING: Delegated to the 
'execute' command.
         This behaviour 
has been deprecated and 
will be removed in a 
future release.
         Please use the 
'execute' command directly.
